2026-06-01 10:40:07,511 - aportamos - ERROR - [config.py:229] - Failed to calculate user completion percentage: {'code': '42703', 'details': None, 'hint': None, 'message': 'column task_assignments.user_id does not exist'}
Traceback (most recent call last):
  File "C:\Alten-Projects\AporTamos\AporTamos-Backend\app\services\gamification_service.py", line 226, in calculate_user_completion_pct
    ).execute()
      ~~~~~~~^^
  File "C:\Alten-Projects\AporTamos\AporTamos-Backend\.venv\Lib\site-packages\postgrest\_sync\request_builder.py", line 78, in execute
    raise APIError(r.json())
postgrest.exceptions.APIError: {'code': '42703', 'details': None, 'hint': None, 'message': 'column task_assignments.user_id does not exist'}
2026-06-01 10:40:07,539 - aportamos - ERROR - [config.py:229] - Failed to fetch user stats: Failed to calculate completion for user 4cf6b876-df0d-43ba-a375-f259274f28a7: {'code': '42703', 'details': None, 'hint': None, 'message': 'column task_assignments.user_id does not exist'}
Traceback (most recent call last):
  File "C:\Alten-Projects\AporTamos\AporTamos-Backend\app\services\gamification_service.py", line 226, in calculate_user_completion_pct
    ).execute()
      ~~~~~~~^^
  File "C:\Alten-Projects\AporTamos\AporTamos-Backend\.venv\Lib\site-packages\postgrest\_sync\request_builder.py", line 78, in execute
    raise APIError(r.json())
postgrest.exceptions.APIError: {'code': '42703', 'details': None, 'hint': None, 'message': 'column task_assignments.user_id does not exist'}

The above exception was the direct cause of the following exception:

Traceback (most recent call last):
  File "C:\Alten-Projects\AporTamos\AporTamos-Backend\app\services\gamification_service.py", line 449, in get_user_stats
    completion_pct = await calculate_user_completion_pct(
                     ^^^^^^^^^^^^^^^^^^^^^^^^^^^^^^^^^^^^
        user_id, household_id, today
        ^^^^^^^^^^^^^^^^^^^^^^^^^^^^
    )
    ^
  File "C:\Alten-Projects\AporTamos\AporTamos-Backend\app\services\gamification_service.py", line 283, in calculate_user_completion_pct
    raise StatsCalculationError(
    ...<2 lines>...
    ) from exc
app.services.gamification_service.StatsCalculationError: Failed to calculate completion for user 4cf6b876-df0d-43ba-a375-f259274f28a7: {'code': '42703', 'details': None, 'hint': None, 'message': 'column task_assignments.user_id does not exist'}
2026-06-01 10:40:07,540 - aportamos - ERROR - [config.py:229] - Stats calculation failed: Failed to fetch stats for user 4cf6b876-df0d-43ba-a375-f259274f28a7: Failed to calculate completion for user 4cf6b876-df0d-43ba-a375-f259274f28a7: {'code': '42703', 'details': None, 'hint': None, 'message': 'column task_assignments.user_id does not exist'}
Traceback (most recent call last):
  File "C:\Alten-Projects\AporTamos\AporTamos-Backend\app\services\gamification_service.py", line 226, in calculate_user_completion_pct
    ).execute()
      ~~~~~~~^^
  File "C:\Alten-Projects\AporTamos\AporTamos-Backend\.venv\Lib\site-packages\postgrest\_sync\request_builder.py", line 78, in execute
    raise APIError(r.json())
postgrest.exceptions.APIError: {'code': '42703', 'details': None, 'hint': None, 'message': 'column task_assignments.user_id does not exist'}

The above exception was the direct cause of the following exception:

Traceback (most recent call last):
  File "C:\Alten-Projects\AporTamos\AporTamos-Backend\app\services\gamification_service.py", line 449, in get_user_stats
    completion_pct = await calculate_user_completion_pct(
                     ^^^^^^^^^^^^^^^^^^^^^^^^^^^^^^^^^^^^
        user_id, household_id, today
        ^^^^^^^^^^^^^^^^^^^^^^^^^^^^
    )
    ^
  File "C:\Alten-Projects\AporTamos\AporTamos-Backend\app\services\gamification_service.py", line 283, in calculate_user_completion_pct
    raise StatsCalculationError(
    ...<2 lines>...
    ) from exc
app.services.gamification_service.StatsCalculationError: Failed to calculate completion for user 4cf6b876-df0d-43ba-a375-f259274f28a7: {'code': '42703', 'details': None, 'hint': None, 'message': 'column task_assignments.user_id does not exist'}

The above exception was the direct cause of the following exception:

Traceback (most recent call last):
  File "C:\Alten-Projects\AporTamos\AporTamos-Backend\app\routers\stats.py", line 116, in get_user_stats_endpoint
    stats = await get_user_stats(user_id, household_id)
            ^^^^^^^^^^^^^^^^^^^^^^^^^^^^^^^^^^^^^^^^^^^
  File "C:\Alten-Projects\AporTamos\AporTamos-Backend\app\services\gamification_service.py", line 513, in get_user_stats
    raise StatsCalculationError(
    ...<2 lines>...
    ) from exc
app.services.gamification_service.StatsCalculationError: Failed to fetch stats for user 4cf6b876-df0d-43ba-a375-f259274f28a7: Failed to calculate completion for user 4cf6b876-df0d-43ba-a375-f259274f28a7: {'code': '42703', 'details': None, 'hint': None, 'message': 'column task_assignments.user_id does not exist'}
2026-06-01 10:40:19,079 - aportamos - ERROR - [config.py:229] - Failed to calculate user completion percentage: {'code': '42703', 'details': None, 'hint': None, 'message': 'column task_assignments.user_id does not exist'}
Traceback (most recent call last):
  File "C:\Alten-Projects\AporTamos\AporTamos-Backend\app\services\gamification_service.py", line 226, in calculate_user_completion_pct
    ).execute()
      ~~~~~~~^^
  File "C:\Alten-Projects\AporTamos\AporTamos-Backend\.venv\Lib\site-packages\postgrest\_sync\request_builder.py", line 78, in execute
    raise APIError(r.json())
postgrest.exceptions.APIError: {'code': '42703', 'details': None, 'hint': None, 'message': 'column task_assignments.user_id does not exist'}
2026-06-01 10:41:19,894 - aportamos - ERROR - [config.py:229] - Failed to calculate user completion percentage: {'code': '42703', 'details': None, 'hint': None, 'message': 'column task_assignments.user_id does not exist'}
Traceback (most recent call last):
  File "C:\Alten-Projects\AporTamos\AporTamos-Backend\app\services\gamification_service.py", line 226, in calculate_user_completion_pct
    ).execute()
      ~~~~~~~^^
  File "C:\Alten-Projects\AporTamos\AporTamos-Backend\.venv\Lib\site-packages\postgrest\_sync\request_builder.py", line 78, in execute
    raise APIError(r.json())
postgrest.exceptions.APIError: {'code': '42703', 'details': None, 'hint': None, 'message': 'column task_assignments.user_id does not exist'}
2026-06-01 10:41:20,892 - aportamos - ERROR - [config.py:229] - Failed to calculate user completion percentage: {'code': '42703', 'details': None, 'hint': None, 'message': 'column task_assignments.user_id does not exist'}
Traceback (most recent call last):
  File "C:\Alten-Projects\AporTamos\AporTamos-Backend\app\services\gamification_service.py", line 226, in calculate_user_completion_pct
    ).execute()
      ~~~~~~~^^
  File "C:\Alten-Projects\AporTamos\AporTamos-Backend\.venv\Lib\site-packages\postgrest\_sync\request_builder.py", line 78, in execute
    raise APIError(r.json())
postgrest.exceptions.APIError: {'code': '42703', 'details': None, 'hint': None, 'message': 'column task_assignments.user_id does not exist'}
2026-06-01 10:46:18,659 - aportamos - ERROR - [config.py:229] - Failed to calculate user completion percentage: {'code': '42703', 'details': None, 'hint': None, 'message': 'column task_assignments.user_id does not exist'}
Traceback (most recent call last):
  File "C:\Alten-Projects\AporTamos\AporTamos-Backend\app\services\gamification_service.py", line 226, in calculate_user_completion_pct
    ).execute()
      ~~~~~~~^^
  File "C:\Alten-Projects\AporTamos\AporTamos-Backend\.venv\Lib\site-packages\postgrest\_sync\request_builder.py", line 78, in execute
    raise APIError(r.json())
postgrest.exceptions.APIError: {'code': '42703', 'details': None, 'hint': None, 'message': 'column task_assignments.user_id does not exist'}
2026-06-01 10:46:22,270 - aportamos - ERROR - [config.py:229] - Failed to calculate user completion percentage: {'code': '42703', 'details': None, 'hint': None, 'message': 'column task_assignments.user_id does not exist'}
Traceback (most recent call last):
  File "C:\Alten-Projects\AporTamos\AporTamos-Backend\app\services\gamification_service.py", line 226, in calculate_user_completion_pct
    ).execute()
      ~~~~~~~^^
  File "C:\Alten-Projects\AporTamos\AporTamos-Backend\.venv\Lib\site-packages\postgrest\_sync\request_builder.py", line 78, in execute
    raise APIError(r.json())
postgrest.exceptions.APIError: {'code': '42703', 'details': None, 'hint': None, 'message': 'column task_assignments.user_id does not exist'}
2026-06-01 10:48:59,179 - aportamos - ERROR - [config.py:229] - Failed to calculate user completion percentage: {'code': '42703', 'details': None, 'hint': None, 'message': 'column task_assignments.user_id does not exist'}
Traceback (most recent call last):
  File "C:\Alten-Projects\AporTamos\AporTamos-Backend\app\services\gamification_service.py", line 226, in calculate_user_completion_pct
    ).execute()
      ~~~~~~~^^
  File "C:\Alten-Projects\AporTamos\AporTamos-Backend\.venv\Lib\site-packages\postgrest\_sync\request_builder.py", line 78, in execute
    raise APIError(r.json())
postgrest.exceptions.APIError: {'code': '42703', 'details': None, 'hint': None, 'message': 'column task_assignments.user_id does not exist'}
2026-06-01 10:56:53,937 - aportamos - ERROR - [config.py:229] - Failed to calculate user completion percentage: {'code': '42703', 'details': None, 'hint': None, 'message': 'column task_assignments.user_id does not exist'}
Traceback (most recent call last):
  File "C:\Alten-Projects\AporTamos\AporTamos-Backend\app\services\gamification_service.py", line 226, in calculate_user_completion_pct
    ).execute()
      ~~~~~~~^^
  File "C:\Alten-Projects\AporTamos\AporTamos-Backend\.venv\Lib\site-packages\postgrest\_sync\request_builder.py", line 78, in execute
    raise APIError(r.json())
postgrest.exceptions.APIError: {'code': '42703', 'details': None, 'hint': None, 'message': 'column task_assignments.user_id does not exist'}
2026-06-01 10:56:53,957 - aportamos - ERROR - [config.py:229] - Failed to fetch user stats: Failed to calculate completion for user 4cf6b876-df0d-43ba-a375-f259274f28a7: {'code': '42703', 'details': None, 'hint': None, 'message': 'column task_assignments.user_id does not exist'}
Traceback (most recent call last):
  File "C:\Alten-Projects\AporTamos\AporTamos-Backend\app\services\gamification_service.py", line 226, in calculate_user_completion_pct
    ).execute()
      ~~~~~~~^^
  File "C:\Alten-Projects\AporTamos\AporTamos-Backend\.venv\Lib\site-packages\postgrest\_sync\request_builder.py", line 78, in execute
    raise APIError(r.json())
postgrest.exceptions.APIError: {'code': '42703', 'details': None, 'hint': None, 'message': 'column task_assignments.user_id does not exist'}

The above exception was the direct cause of the following exception:

Traceback (most recent call last):
  File "C:\Alten-Projects\AporTamos\AporTamos-Backend\app\services\gamification_service.py", line 449, in get_user_stats
    completion_pct = await calculate_user_completion_pct(
                     ^^^^^^^^^^^^^^^^^^^^^^^^^^^^^^^^^^^^
        user_id, household_id, today
        ^^^^^^^^^^^^^^^^^^^^^^^^^^^^
    )
    ^
  File "C:\Alten-Projects\AporTamos\AporTamos-Backend\app\services\gamification_service.py", line 283, in calculate_user_completion_pct
    raise StatsCalculationError(
    ...<2 lines>...
    ) from exc
app.services.gamification_service.StatsCalculationError: Failed to calculate completion for user 4cf6b876-df0d-43ba-a375-f259274f28a7: {'code': '42703', 'details': None, 'hint': None, 'message': 'column task_assignments.user_id does not exist'}
2026-06-01 10:56:53,959 - aportamos - ERROR - [config.py:229] - Stats calculation failed: Failed to fetch stats for user 4cf6b876-df0d-43ba-a375-f259274f28a7: Failed to calculate completion for user 4cf6b876-df0d-43ba-a375-f259274f28a7: {'code': '42703', 'details': None, 'hint': None, 'message': 'column task_assignments.user_id does not exist'}
Traceback (most recent call last):
  File "C:\Alten-Projects\AporTamos\AporTamos-Backend\app\services\gamification_service.py", line 226, in calculate_user_completion_pct
    ).execute()
      ~~~~~~~^^
  File "C:\Alten-Projects\AporTamos\AporTamos-Backend\.venv\Lib\site-packages\postgrest\_sync\request_builder.py", line 78, in execute
    raise APIError(r.json())
postgrest.exceptions.APIError: {'code': '42703', 'details': None, 'hint': None, 'message': 'column task_assignments.user_id does not exist'}

The above exception was the direct cause of the following exception:

Traceback (most recent call last):
  File "C:\Alten-Projects\AporTamos\AporTamos-Backend\app\services\gamification_service.py", line 449, in get_user_stats
    completion_pct = await calculate_user_completion_pct(
                     ^^^^^^^^^^^^^^^^^^^^^^^^^^^^^^^^^^^^
        user_id, household_id, today
        ^^^^^^^^^^^^^^^^^^^^^^^^^^^^
    )
    ^
  File "C:\Alten-Projects\AporTamos\AporTamos-Backend\app\services\gamification_service.py", line 283, in calculate_user_completion_pct
    raise StatsCalculationError(
    ...<2 lines>...
    ) from exc
app.services.gamification_service.StatsCalculationError: Failed to calculate completion for user 4cf6b876-df0d-43ba-a375-f259274f28a7: {'code': '42703', 'details': None, 'hint': None, 'message': 'column task_assignments.user_id does not exist'}

The above exception was the direct cause of the following exception:

Traceback (most recent call last):
  File "C:\Alten-Projects\AporTamos\AporTamos-Backend\app\routers\stats.py", line 116, in get_user_stats_endpoint
    stats = await get_user_stats(user_id, household_id)
            ^^^^^^^^^^^^^^^^^^^^^^^^^^^^^^^^^^^^^^^^^^^
  File "C:\Alten-Projects\AporTamos\AporTamos-Backend\app\services\gamification_service.py", line 513, in get_user_stats
    raise StatsCalculationError(
    ...<2 lines>...
    ) from exc
app.services.gamification_service.StatsCalculationError: Failed to fetch stats for user 4cf6b876-df0d-43ba-a375-f259274f28a7: Failed to calculate completion for user 4cf6b876-df0d-43ba-a375-f259274f28a7: {'code': '42703', 'details': None, 'hint': None, 'message': 'column task_assignments.user_id does not exist'}
2026-06-01 10:57:13,031 - aportamos - ERROR - [config.py:229] - Failed to calculate user completion percentage: {'code': '42703', 'details': None, 'hint': None, 'message': 'column task_assignments.user_id does not exist'}
Traceback (most recent call last):
  File "C:\Alten-Projects\AporTamos\AporTamos-Backend\app\services\gamification_service.py", line 226, in calculate_user_completion_pct
    ).execute()
      ~~~~~~~^^
  File "C:\Alten-Projects\AporTamos\AporTamos-Backend\.venv\Lib\site-packages\postgrest\_sync\request_builder.py", line 78, in execute
    raise APIError(r.json())
postgrest.exceptions.APIError: {'code': '42703', 'details': None, 'hint': None, 'message': 'column task_assignments.user_id does not exist'}
2026-06-01 10:57:16,938 - aportamos - ERROR - [config.py:229] - Failed to calculate user completion percentage: {'code': '42703', 'details': None, 'hint': None, 'message': 'column task_assignments.user_id does not exist'}
Traceback (most recent call last):
  File "C:\Alten-Projects\AporTamos\AporTamos-Backend\app\services\gamification_service.py", line 226, in calculate_user_completion_pct
    ).execute()
      ~~~~~~~^^
  File "C:\Alten-Projects\AporTamos\AporTamos-Backend\.venv\Lib\site-packages\postgrest\_sync\request_builder.py", line 78, in execute
    raise APIError(r.json())
postgrest.exceptions.APIError: {'code': '42703', 'details': None, 'hint': None, 'message': 'column task_assignments.user_id does not exist'}
2026-06-01 10:57:48,976 - aportamos - ERROR - [config.py:229] - Failed to upload photo to Supabase Storage: {'statusCode': 400, 'error': 'Bucket not found', 'message': 'Bucket not found'}
Traceback (most recent call last):
  File "C:\Alten-Projects\AporTamos\AporTamos-Backend\.venv\Lib\site-packages\storage3\_sync\file_api.py", line 47, in _request
    response.raise_for_status()
    ~~~~~~~~~~~~~~~~~~~~~~~~~^^
  File "C:\Alten-Projects\AporTamos\AporTamos-Backend\.venv\Lib\site-packages\httpx\_models.py", line 763, in raise_for_status
    raise HTTPStatusError(message, request=request, response=self)
httpx.HTTPStatusError: Client error '400 Bad Request' for url 'https://bpyxpzhvyqvogietjqdd.supabase.co/storage/v1/object/task-proofs/932bea1c-d154-4105-8052-e7f270c5bf46/84d70fb9-bac5-454b-8ed7-c3879124e25d/3851988b-a41c-4b20-b93d-9c2728c3f99c.jpg'
For more information check: https://developer.mozilla.org/en-US/docs/Web/HTTP/Status/400

During handling of the above exception, another exception occurred:

Traceback (most recent call last):
  File "C:\Alten-Projects\AporTamos\AporTamos-Backend\app\services\completion_service.py", line 93, in upload_to_storage
    supabase.storage.from_(STORAGE_BUCKET).upload(
    ~~~~~~~~~~~~~~~~~~~~~~~~~~~~~~~~~~~~~~~~~~~~~^
        path=storage_path,
        ^^^^^^^^^^^^^^^^^^
        file=contents,
        ^^^^^^^^^^^^^^
        file_options={"content-type": "image/jpeg", "upsert": "true"},
        ^^^^^^^^^^^^^^^^^^^^^^^^^^^^^^^^^^^^^^^^^^^^^^^^^^^^^^^^^^^^^^
    )
    ^
  File "C:\Alten-Projects\AporTamos\AporTamos-Backend\.venv\Lib\site-packages\storage3\_sync\file_api.py", line 434, in upload
    return self._upload_or_update("POST", path, file, file_options)
           ~~~~~~~~~~~~~~~~~~~~~~^^^^^^^^^^^^^^^^^^^^^^^^^^^^^^^^^^
  File "C:\Alten-Projects\AporTamos\AporTamos-Backend\.venv\Lib\site-packages\storage3\_sync\file_api.py", line 411, in _upload_or_update
    return self._request(
           ~~~~~~~~~~~~~^
        method, f"/object/{_path}", files=files, headers=headers, data=_data
        ^^^^^^^^^^^^^^^^^^^^^^^^^^^^^^^^^^^^^^^^^^^^^^^^^^^^^^^^^^^^^^^^^^^^
    )
    ^
  File "C:\Alten-Projects\AporTamos\AporTamos-Backend\.venv\Lib\site-packages\storage3\_sync\file_api.py", line 51, in _request
    raise StorageException({**resp, "statusCode": response.status_code})
storage3.utils.StorageException: {'statusCode': 400, 'error': 'Bucket not found', 'message': 'Bucket not found'}
2026-06-01 11:03:54,183 - aportamos - ERROR - [config.py:229] - Failed to calculate user completion percentage: {'code': '42703', 'details': None, 'hint': None, 'message': 'column task_assignments.user_id does not exist'}
Traceback (most recent call last):
  File "C:\Alten-Projects\AporTamos\AporTamos-Backend\app\services\gamification_service.py", line 226, in calculate_user_completion_pct
    ).execute()
      ~~~~~~~^^
  File "C:\Alten-Projects\AporTamos\AporTamos-Backend\.venv\Lib\site-packages\postgrest\_sync\request_builder.py", line 78, in execute
    raise APIError(r.json())
postgrest.exceptions.APIError: {'code': '42703', 'details': None, 'hint': None, 'message': 'column task_assignments.user_id does not exist'}
2026-06-01 11:03:54,188 - aportamos - ERROR - [config.py:229] - Failed to fetch user stats: Failed to calculate completion for user 4cf6b876-df0d-43ba-a375-f259274f28a7: {'code': '42703', 'details': None, 'hint': None, 'message': 'column task_assignments.user_id does not exist'}
Traceback (most recent call last):
  File "C:\Alten-Projects\AporTamos\AporTamos-Backend\app\services\gamification_service.py", line 226, in calculate_user_completion_pct
    ).execute()
      ~~~~~~~^^
  File "C:\Alten-Projects\AporTamos\AporTamos-Backend\.venv\Lib\site-packages\postgrest\_sync\request_builder.py", line 78, in execute
    raise APIError(r.json())
postgrest.exceptions.APIError: {'code': '42703', 'details': None, 'hint': None, 'message': 'column task_assignments.user_id does not exist'}

The above exception was the direct cause of the following exception:

Traceback (most recent call last):
  File "C:\Alten-Projects\AporTamos\AporTamos-Backend\app\services\gamification_service.py", line 449, in get_user_stats
    completion_pct = await calculate_user_completion_pct(
                     ^^^^^^^^^^^^^^^^^^^^^^^^^^^^^^^^^^^^
        user_id, household_id, today
        ^^^^^^^^^^^^^^^^^^^^^^^^^^^^
    )
    ^
  File "C:\Alten-Projects\AporTamos\AporTamos-Backend\app\services\gamification_service.py", line 283, in calculate_user_completion_pct
    raise StatsCalculationError(
    ...<2 lines>...
    ) from exc
app.services.gamification_service.StatsCalculationError: Failed to calculate completion for user 4cf6b876-df0d-43ba-a375-f259274f28a7: {'code': '42703', 'details': None, 'hint': None, 'message': 'column task_assignments.user_id does not exist'}
2026-06-01 11:03:54,189 - aportamos - ERROR - [config.py:229] - Stats calculation failed: Failed to fetch stats for user 4cf6b876-df0d-43ba-a375-f259274f28a7: Failed to calculate completion for user 4cf6b876-df0d-43ba-a375-f259274f28a7: {'code': '42703', 'details': None, 'hint': None, 'message': 'column task_assignments.user_id does not exist'}
Traceback (most recent call last):
  File "C:\Alten-Projects\AporTamos\AporTamos-Backend\app\services\gamification_service.py", line 226, in calculate_user_completion_pct
    ).execute()
      ~~~~~~~^^
  File "C:\Alten-Projects\AporTamos\AporTamos-Backend\.venv\Lib\site-packages\postgrest\_sync\request_builder.py", line 78, in execute
    raise APIError(r.json())
postgrest.exceptions.APIError: {'code': '42703', 'details': None, 'hint': None, 'message': 'column task_assignments.user_id does not exist'}

The above exception was the direct cause of the following exception:

Traceback (most recent call last):
  File "C:\Alten-Projects\AporTamos\AporTamos-Backend\app\services\gamification_service.py", line 449, in get_user_stats
    completion_pct = await calculate_user_completion_pct(
                     ^^^^^^^^^^^^^^^^^^^^^^^^^^^^^^^^^^^^
        user_id, household_id, today
        ^^^^^^^^^^^^^^^^^^^^^^^^^^^^
    )
    ^
  File "C:\Alten-Projects\AporTamos\AporTamos-Backend\app\services\gamification_service.py", line 283, in calculate_user_completion_pct
    raise StatsCalculationError(
    ...<2 lines>...
    ) from exc
app.services.gamification_service.StatsCalculationError: Failed to calculate completion for user 4cf6b876-df0d-43ba-a375-f259274f28a7: {'code': '42703', 'details': None, 'hint': None, 'message': 'column task_assignments.user_id does not exist'}

The above exception was the direct cause of the following exception:

Traceback (most recent call last):
  File "C:\Alten-Projects\AporTamos\AporTamos-Backend\app\routers\stats.py", line 116, in get_user_stats_endpoint
    stats = await get_user_stats(user_id, household_id)
            ^^^^^^^^^^^^^^^^^^^^^^^^^^^^^^^^^^^^^^^^^^^
  File "C:\Alten-Projects\AporTamos\AporTamos-Backend\app\services\gamification_service.py", line 513, in get_user_stats
    raise StatsCalculationError(
    ...<2 lines>...
    ) from exc
app.services.gamification_service.StatsCalculationError: Failed to fetch stats for user 4cf6b876-df0d-43ba-a375-f259274f28a7: Failed to calculate completion for user 4cf6b876-df0d-43ba-a375-f259274f28a7: {'code': '42703', 'details': None, 'hint': None, 'message': 'column task_assignments.user_id does not exist'}
2026-06-01 11:04:17,271 - aportamos - ERROR - [config.py:229] - Failed to calculate user completion percentage: {'code': '42703', 'details': None, 'hint': None, 'message': 'column task_assignments.user_id does not exist'}
Traceback (most recent call last):
  File "C:\Alten-Projects\AporTamos\AporTamos-Backend\app\services\gamification_service.py", line 226, in calculate_user_completion_pct
    ).execute()
      ~~~~~~~^^
  File "C:\Alten-Projects\AporTamos\AporTamos-Backend\.venv\Lib\site-packages\postgrest\_sync\request_builder.py", line 78, in execute
    raise APIError(r.json())
postgrest.exceptions.APIError: {'code': '42703', 'details': None, 'hint': None, 'message': 'column task_assignments.user_id does not exist'}
