2026-06-01 10:37:34,395 - aportamos - INFO - [config.py:236] - Starting AporTamos v1.0.0
2026-06-01 10:37:34,395 - aportamos - INFO - [config.py:236] - Supabase URL: https://bpyxpzhvyqvo...
2026-06-01 10:40:04,188 - aportamos - INFO - [config.py:236] - Supabase client initialized successfully
2026-06-01 10:40:05,753 - aportamos - INFO - [config.py:236] - User logged in: holamigo@gmail.com
2026-06-01 10:40:06,273 - aportamos - INFO - [config.py:236] - User households listed
2026-06-01 10:40:06,459 - aportamos - INFO - [config.py:236] - User households listed
2026-06-01 10:40:06,736 - aportamos - INFO - [config.py:236] - Household retrieved
2026-06-01 10:40:06,922 - aportamos - INFO - [config.py:236] - User households listed
2026-06-01 10:40:07,098 - aportamos - INFO - [config.py:236] - User households listed
2026-06-01 10:40:07,511 - aportamos - ERROR - [config.py:229] - Failed to calculate user completion percentage: {'code': '42703', 'details': None, 'hint': None, 'message': 'column task_assignments.user_id does not exist'}
Traceback (most recent call last):
  File "C:\Alten-Projects\AporTamos\AporTamos-Backend\app\services\gamification_service.py", line 226, in calculate_user_completion_pct
    ).execute()
      ~~~~~~~^^
  File "C:\Alten-Projects\AporTamos\AporTamos-Backend\.venv\Lib\site-packages\postgrest\_sync\request_builder.py", line 78, in execute
    raise APIError(r.json())
postgrest.exceptions.APIError: {'code': '42703', 'details': None, 'hint': None, 'message': 'column task_assignments.user_id does not exist'}
2026-06-01 10:40:07,539 - aportamos - ERROR - [config.py:229] - Failed to fetch user stats: Failed to calculate completion for user 4cf6b876-df0d-43ba-a375-f259274f28a7: {'code': '42703', 'details': None, 'hint': None, 'message': 'column task_assignments.user_id does not exist'}
Traceback (most recent call last):
  File "C:\Alten-Projects\AporTamos\AporTamos-Backend\app\services\gamification_service.py", line 226, in calculate_user_completion_pct
    ).execute()
      ~~~~~~~^^
  File "C:\Alten-Projects\AporTamos\AporTamos-Backend\.venv\Lib\site-packages\postgrest\_sync\request_builder.py", line 78, in execute
    raise APIError(r.json())
postgrest.exceptions.APIError: {'code': '42703', 'details': None, 'hint': None, 'message': 'column task_assignments.user_id does not exist'}

The above exception was the direct cause of the following exception:

Traceback (most recent call last):
  File "C:\Alten-Projects\AporTamos\AporTamos-Backend\app\services\gamification_service.py", line 449, in get_user_stats
    completion_pct = await calculate_user_completion_pct(
                     ^^^^^^^^^^^^^^^^^^^^^^^^^^^^^^^^^^^^
        user_id, household_id, today
        ^^^^^^^^^^^^^^^^^^^^^^^^^^^^
    )
    ^
  File "C:\Alten-Projects\AporTamos\AporTamos-Backend\app\services\gamification_service.py", line 283, in calculate_user_completion_pct
    raise StatsCalculationError(
    ...<2 lines>...
    ) from exc
app.services.gamification_service.StatsCalculationError: Failed to calculate completion for user 4cf6b876-df0d-43ba-a375-f259274f28a7: {'code': '42703', 'details': None, 'hint': None, 'message': 'column task_assignments.user_id does not exist'}
2026-06-01 10:40:07,540 - aportamos - ERROR - [config.py:229] - Stats calculation failed: Failed to fetch stats for user 4cf6b876-df0d-43ba-a375-f259274f28a7: Failed to calculate completion for user 4cf6b876-df0d-43ba-a375-f259274f28a7: {'code': '42703', 'details': None, 'hint': None, 'message': 'column task_assignments.user_id does not exist'}
Traceback (most recent call last):
  File "C:\Alten-Projects\AporTamos\AporTamos-Backend\app\services\gamification_service.py", line 226, in calculate_user_completion_pct
    ).execute()
      ~~~~~~~^^
  File "C:\Alten-Projects\AporTamos\AporTamos-Backend\.venv\Lib\site-packages\postgrest\_sync\request_builder.py", line 78, in execute
    raise APIError(r.json())
postgrest.exceptions.APIError: {'code': '42703', 'details': None, 'hint': None, 'message': 'column task_assignments.user_id does not exist'}

The above exception was the direct cause of the following exception:

Traceback (most recent call last):
  File "C:\Alten-Projects\AporTamos\AporTamos-Backend\app\services\gamification_service.py", line 449, in get_user_stats
    completion_pct = await calculate_user_completion_pct(
                     ^^^^^^^^^^^^^^^^^^^^^^^^^^^^^^^^^^^^
        user_id, household_id, today
        ^^^^^^^^^^^^^^^^^^^^^^^^^^^^
    )
    ^
  File "C:\Alten-Projects\AporTamos\AporTamos-Backend\app\services\gamification_service.py", line 283, in calculate_user_completion_pct
    raise StatsCalculationError(
    ...<2 lines>...
    ) from exc
app.services.gamification_service.StatsCalculationError: Failed to calculate completion for user 4cf6b876-df0d-43ba-a375-f259274f28a7: {'code': '42703', 'details': None, 'hint': None, 'message': 'column task_assignments.user_id does not exist'}

The above exception was the direct cause of the following exception:

Traceback (most recent call last):
  File "C:\Alten-Projects\AporTamos\AporTamos-Backend\app\routers\stats.py", line 116, in get_user_stats_endpoint
    stats = await get_user_stats(user_id, household_id)
            ^^^^^^^^^^^^^^^^^^^^^^^^^^^^^^^^^^^^^^^^^^^
  File "C:\Alten-Projects\AporTamos\AporTamos-Backend\app\services\gamification_service.py", line 513, in get_user_stats
    raise StatsCalculationError(
    ...<2 lines>...
    ) from exc
app.services.gamification_service.StatsCalculationError: Failed to fetch stats for user 4cf6b876-df0d-43ba-a375-f259274f28a7: Failed to calculate completion for user 4cf6b876-df0d-43ba-a375-f259274f28a7: {'code': '42703', 'details': None, 'hint': None, 'message': 'column task_assignments.user_id does not exist'}
2026-06-01 10:40:15,261 - aportamos - INFO - [config.py:236] - User households listed
2026-06-01 10:40:18,250 - aportamos - INFO - [config.py:236] - Household retrieved
2026-06-01 10:40:19,079 - aportamos - ERROR - [config.py:229] - Failed to calculate user completion percentage: {'code': '42703', 'details': None, 'hint': None, 'message': 'column task_assignments.user_id does not exist'}
Traceback (most recent call last):
  File "C:\Alten-Projects\AporTamos\AporTamos-Backend\app\services\gamification_service.py", line 226, in calculate_user_completion_pct
    ).execute()
      ~~~~~~~^^
  File "C:\Alten-Projects\AporTamos\AporTamos-Backend\.venv\Lib\site-packages\postgrest\_sync\request_builder.py", line 78, in execute
    raise APIError(r.json())
postgrest.exceptions.APIError: {'code': '42703', 'details': None, 'hint': None, 'message': 'column task_assignments.user_id does not exist'}
2026-06-01 10:40:19,080 - aportamos - WARNING - [config.py:246] - Failed to fetch stats for household member
2026-06-01 10:40:19,080 - aportamos - INFO - [config.py:236] - Household stats retrieved
2026-06-01 10:40:19,081 - aportamos - INFO - [config.py:236] - Household stats retrieved
2026-06-01 10:40:23,391 - aportamos - INFO - [config.py:236] - Retrieving weekly schedule
2026-06-01 10:40:23,650 - aportamos - INFO - [config.py:236] - Successfully retrieved weekly schedule
2026-06-01 10:40:23,899 - aportamos - INFO - [config.py:236] - Household retrieved
2026-06-01 10:41:03,265 - aportamos - INFO - [config.py:236] - Adding task to schedule
2026-06-01 10:41:03,818 - aportamos - INFO - [config.py:236] - Added task to schedule
2026-06-01 10:41:03,818 - aportamos - WARNING - [config.py:246] - Could not regenerate daily assignments after adding task
2026-06-01 10:41:03,818 - aportamos - INFO - [config.py:236] - Successfully added task to schedule
2026-06-01 10:41:04,186 - aportamos - INFO - [config.py:236] - User households listed
2026-06-01 10:41:13,283 - aportamos - INFO - [config.py:236] - Adding task to schedule
2026-06-01 10:41:14,131 - aportamos - INFO - [config.py:236] - Added task to schedule
2026-06-01 10:41:14,131 - aportamos - WARNING - [config.py:246] - Could not regenerate daily assignments after adding task
2026-06-01 10:41:14,131 - aportamos - INFO - [config.py:236] - Successfully added task to schedule
2026-06-01 10:41:14,439 - aportamos - INFO - [config.py:236] - User households listed
2026-06-01 10:41:17,272 - aportamos - INFO - [config.py:236] - Household retrieved
2026-06-01 10:41:19,894 - aportamos - ERROR - [config.py:229] - Failed to calculate user completion percentage: {'code': '42703', 'details': None, 'hint': None, 'message': 'column task_assignments.user_id does not exist'}
Traceback (most recent call last):
  File "C:\Alten-Projects\AporTamos\AporTamos-Backend\app\services\gamification_service.py", line 226, in calculate_user_completion_pct
    ).execute()
      ~~~~~~~^^
  File "C:\Alten-Projects\AporTamos\AporTamos-Backend\.venv\Lib\site-packages\postgrest\_sync\request_builder.py", line 78, in execute
    raise APIError(r.json())
postgrest.exceptions.APIError: {'code': '42703', 'details': None, 'hint': None, 'message': 'column task_assignments.user_id does not exist'}
2026-06-01 10:41:19,895 - aportamos - WARNING - [config.py:246] - Failed to fetch stats for household member
2026-06-01 10:41:19,895 - aportamos - INFO - [config.py:236] - Household stats retrieved
2026-06-01 10:41:19,895 - aportamos - INFO - [config.py:236] - Household stats retrieved
2026-06-01 10:41:20,892 - aportamos - ERROR - [config.py:229] - Failed to calculate user completion percentage: {'code': '42703', 'details': None, 'hint': None, 'message': 'column task_assignments.user_id does not exist'}
Traceback (most recent call last):
  File "C:\Alten-Projects\AporTamos\AporTamos-Backend\app\services\gamification_service.py", line 226, in calculate_user_completion_pct
    ).execute()
      ~~~~~~~^^
  File "C:\Alten-Projects\AporTamos\AporTamos-Backend\.venv\Lib\site-packages\postgrest\_sync\request_builder.py", line 78, in execute
    raise APIError(r.json())
postgrest.exceptions.APIError: {'code': '42703', 'details': None, 'hint': None, 'message': 'column task_assignments.user_id does not exist'}
2026-06-01 10:41:20,893 - aportamos - WARNING - [config.py:246] - Failed to fetch stats for household member
2026-06-01 10:41:20,893 - aportamos - INFO - [config.py:236] - Household stats retrieved
2026-06-01 10:41:20,893 - aportamos - INFO - [config.py:236] - Household stats retrieved
2026-06-01 10:43:00,055 - aportamos - INFO - [config.py:236] - Household retrieved
2026-06-01 10:44:32,643 - aportamos - INFO - [config.py:236] - User households listed
2026-06-01 10:44:36,183 - aportamos - INFO - [config.py:236] - Household retrieved
2026-06-01 10:44:56,547 - aportamos - INFO - [config.py:236] - Household retrieved
2026-06-01 10:45:51,958 - aportamos - INFO - [config.py:236] - Household retrieved
2026-06-01 10:46:02,108 - aportamos - INFO - [config.py:236] - Household retrieved
2026-06-01 10:46:17,131 - aportamos - INFO - [config.py:236] - User households listed
2026-06-01 10:46:17,906 - aportamos - INFO - [config.py:236] - Household retrieved
2026-06-01 10:46:18,659 - aportamos - ERROR - [config.py:229] - Failed to calculate user completion percentage: {'code': '42703', 'details': None, 'hint': None, 'message': 'column task_assignments.user_id does not exist'}
Traceback (most recent call last):
  File "C:\Alten-Projects\AporTamos\AporTamos-Backend\app\services\gamification_service.py", line 226, in calculate_user_completion_pct
    ).execute()
      ~~~~~~~^^
  File "C:\Alten-Projects\AporTamos\AporTamos-Backend\.venv\Lib\site-packages\postgrest\_sync\request_builder.py", line 78, in execute
    raise APIError(r.json())
postgrest.exceptions.APIError: {'code': '42703', 'details': None, 'hint': None, 'message': 'column task_assignments.user_id does not exist'}
2026-06-01 10:46:18,660 - aportamos - WARNING - [config.py:246] - Failed to fetch stats for household member
2026-06-01 10:46:18,660 - aportamos - INFO - [config.py:236] - Household stats retrieved
2026-06-01 10:46:18,660 - aportamos - INFO - [config.py:236] - Household stats retrieved
2026-06-01 10:46:20,512 - aportamos - INFO - [config.py:236] - User households listed
2026-06-01 10:46:21,698 - aportamos - INFO - [config.py:236] - Household retrieved
2026-06-01 10:46:22,270 - aportamos - ERROR - [config.py:229] - Failed to calculate user completion percentage: {'code': '42703', 'details': None, 'hint': None, 'message': 'column task_assignments.user_id does not exist'}
Traceback (most recent call last):
  File "C:\Alten-Projects\AporTamos\AporTamos-Backend\app\services\gamification_service.py", line 226, in calculate_user_completion_pct
    ).execute()
      ~~~~~~~^^
  File "C:\Alten-Projects\AporTamos\AporTamos-Backend\.venv\Lib\site-packages\postgrest\_sync\request_builder.py", line 78, in execute
    raise APIError(r.json())
postgrest.exceptions.APIError: {'code': '42703', 'details': None, 'hint': None, 'message': 'column task_assignments.user_id does not exist'}
2026-06-01 10:46:22,270 - aportamos - WARNING - [config.py:246] - Failed to fetch stats for household member
2026-06-01 10:46:22,270 - aportamos - INFO - [config.py:236] - Household stats retrieved
2026-06-01 10:46:22,271 - aportamos - INFO - [config.py:236] - Household stats retrieved
2026-06-01 10:48:41,254 - aportamos - INFO - [config.py:236] - Household retrieved
2026-06-01 10:48:49,042 - aportamos - INFO - [config.py:236] - Household retrieved
2026-06-01 10:48:54,843 - aportamos - INFO - [config.py:236] - Household retrieved
2026-06-01 10:48:59,179 - aportamos - ERROR - [config.py:229] - Failed to calculate user completion percentage: {'code': '42703', 'details': None, 'hint': None, 'message': 'column task_assignments.user_id does not exist'}
Traceback (most recent call last):
  File "C:\Alten-Projects\AporTamos\AporTamos-Backend\app\services\gamification_service.py", line 226, in calculate_user_completion_pct
    ).execute()
      ~~~~~~~^^
  File "C:\Alten-Projects\AporTamos\AporTamos-Backend\.venv\Lib\site-packages\postgrest\_sync\request_builder.py", line 78, in execute
    raise APIError(r.json())
postgrest.exceptions.APIError: {'code': '42703', 'details': None, 'hint': None, 'message': 'column task_assignments.user_id does not exist'}
2026-06-01 10:48:59,180 - aportamos - WARNING - [config.py:246] - Failed to fetch stats for household member
2026-06-01 10:48:59,180 - aportamos - INFO - [config.py:236] - Household stats retrieved
2026-06-01 10:48:59,180 - aportamos - INFO - [config.py:236] - Household stats retrieved
2026-06-01 10:50:52,351 - aportamos - INFO - [config.py:236] - User households listed
2026-06-01 10:54:01,954 - aportamos - INFO - [config.py:236] - Shutting down AporTamos
2026-06-01 10:54:03,134 - aportamos - INFO - [config.py:236] - Starting AporTamos v1.0.0
2026-06-01 10:54:03,135 - aportamos - INFO - [config.py:236] - Supabase URL: https://bpyxpzhvyqvo...
2026-06-01 10:54:57,453 - aportamos - INFO - [config.py:236] - Supabase client initialized successfully
2026-06-01 10:54:58,142 - aportamos - INFO - [config.py:236] - Household retrieved
2026-06-01 10:55:01,215 - aportamos - INFO - [config.py:236] - User households listed
2026-06-01 10:55:08,714 - aportamos - INFO - [config.py:236] - Shutting down AporTamos
2026-06-01 10:55:20,014 - aportamos - INFO - [config.py:236] - Starting AporTamos v1.0.0
2026-06-01 10:55:20,014 - aportamos - INFO - [config.py:236] - Supabase URL: https://bpyxpzhvyqvo...
2026-06-01 10:55:56,645 - aportamos - INFO - [config.py:236] - Daily assignment generation requested
2026-06-01 10:55:57,172 - aportamos - INFO - [config.py:236] - Supabase client initialized successfully
2026-06-01 10:55:57,717 - aportamos - INFO - [config.py:236] - Starting batch daily assignment generation
2026-06-01 10:55:58,650 - aportamos - INFO - [config.py:236] - Batch daily assignment generation completed
2026-06-01 10:55:58,650 - aportamos - INFO - [config.py:236] - Daily assignment generation completed successfully
2026-06-01 10:56:52,614 - aportamos - INFO - [config.py:236] - User households listed
2026-06-01 10:56:52,794 - aportamos - INFO - [config.py:236] - User households listed
2026-06-01 10:56:53,009 - aportamos - INFO - [config.py:236] - User households listed
2026-06-01 10:56:53,263 - aportamos - INFO - [config.py:236] - Household retrieved
2026-06-01 10:56:53,435 - aportamos - INFO - [config.py:236] - User households listed
2026-06-01 10:56:53,937 - aportamos - ERROR - [config.py:229] - Failed to calculate user completion percentage: {'code': '42703', 'details': None, 'hint': None, 'message': 'column task_assignments.user_id does not exist'}
Traceback (most recent call last):
  File "C:\Alten-Projects\AporTamos\AporTamos-Backend\app\services\gamification_service.py", line 226, in calculate_user_completion_pct
    ).execute()
      ~~~~~~~^^
  File "C:\Alten-Projects\AporTamos\AporTamos-Backend\.venv\Lib\site-packages\postgrest\_sync\request_builder.py", line 78, in execute
    raise APIError(r.json())
postgrest.exceptions.APIError: {'code': '42703', 'details': None, 'hint': None, 'message': 'column task_assignments.user_id does not exist'}
2026-06-01 10:56:53,957 - aportamos - ERROR - [config.py:229] - Failed to fetch user stats: Failed to calculate completion for user 4cf6b876-df0d-43ba-a375-f259274f28a7: {'code': '42703', 'details': None, 'hint': None, 'message': 'column task_assignments.user_id does not exist'}
Traceback (most recent call last):
  File "C:\Alten-Projects\AporTamos\AporTamos-Backend\app\services\gamification_service.py", line 226, in calculate_user_completion_pct
    ).execute()
      ~~~~~~~^^
  File "C:\Alten-Projects\AporTamos\AporTamos-Backend\.venv\Lib\site-packages\postgrest\_sync\request_builder.py", line 78, in execute
    raise APIError(r.json())
postgrest.exceptions.APIError: {'code': '42703', 'details': None, 'hint': None, 'message': 'column task_assignments.user_id does not exist'}

The above exception was the direct cause of the following exception:

Traceback (most recent call last):
  File "C:\Alten-Projects\AporTamos\AporTamos-Backend\app\services\gamification_service.py", line 449, in get_user_stats
    completion_pct = await calculate_user_completion_pct(
                     ^^^^^^^^^^^^^^^^^^^^^^^^^^^^^^^^^^^^
        user_id, household_id, today
        ^^^^^^^^^^^^^^^^^^^^^^^^^^^^
    )
    ^
  File "C:\Alten-Projects\AporTamos\AporTamos-Backend\app\services\gamification_service.py", line 283, in calculate_user_completion_pct
    raise StatsCalculationError(
    ...<2 lines>...
    ) from exc
app.services.gamification_service.StatsCalculationError: Failed to calculate completion for user 4cf6b876-df0d-43ba-a375-f259274f28a7: {'code': '42703', 'details': None, 'hint': None, 'message': 'column task_assignments.user_id does not exist'}
2026-06-01 10:56:53,959 - aportamos - ERROR - [config.py:229] - Stats calculation failed: Failed to fetch stats for user 4cf6b876-df0d-43ba-a375-f259274f28a7: Failed to calculate completion for user 4cf6b876-df0d-43ba-a375-f259274f28a7: {'code': '42703', 'details': None, 'hint': None, 'message': 'column task_assignments.user_id does not exist'}
Traceback (most recent call last):
  File "C:\Alten-Projects\AporTamos\AporTamos-Backend\app\services\gamification_service.py", line 226, in calculate_user_completion_pct
    ).execute()
      ~~~~~~~^^
  File "C:\Alten-Projects\AporTamos\AporTamos-Backend\.venv\Lib\site-packages\postgrest\_sync\request_builder.py", line 78, in execute
    raise APIError(r.json())
postgrest.exceptions.APIError: {'code': '42703', 'details': None, 'hint': None, 'message': 'column task_assignments.user_id does not exist'}

The above exception was the direct cause of the following exception:

Traceback (most recent call last):
  File "C:\Alten-Projects\AporTamos\AporTamos-Backend\app\services\gamification_service.py", line 449, in get_user_stats
    completion_pct = await calculate_user_completion_pct(
                     ^^^^^^^^^^^^^^^^^^^^^^^^^^^^^^^^^^^^
        user_id, household_id, today
        ^^^^^^^^^^^^^^^^^^^^^^^^^^^^
    )
    ^
  File "C:\Alten-Projects\AporTamos\AporTamos-Backend\app\services\gamification_service.py", line 283, in calculate_user_completion_pct
    raise StatsCalculationError(
    ...<2 lines>...
    ) from exc
app.services.gamification_service.StatsCalculationError: Failed to calculate completion for user 4cf6b876-df0d-43ba-a375-f259274f28a7: {'code': '42703', 'details': None, 'hint': None, 'message': 'column task_assignments.user_id does not exist'}

The above exception was the direct cause of the following exception:

Traceback (most recent call last):
  File "C:\Alten-Projects\AporTamos\AporTamos-Backend\app\routers\stats.py", line 116, in get_user_stats_endpoint
    stats = await get_user_stats(user_id, household_id)
            ^^^^^^^^^^^^^^^^^^^^^^^^^^^^^^^^^^^^^^^^^^^
  File "C:\Alten-Projects\AporTamos\AporTamos-Backend\app\services\gamification_service.py", line 513, in get_user_stats
    raise StatsCalculationError(
    ...<2 lines>...
    ) from exc
app.services.gamification_service.StatsCalculationError: Failed to fetch stats for user 4cf6b876-df0d-43ba-a375-f259274f28a7: Failed to calculate completion for user 4cf6b876-df0d-43ba-a375-f259274f28a7: {'code': '42703', 'details': None, 'hint': None, 'message': 'column task_assignments.user_id does not exist'}
2026-06-01 10:57:09,449 - aportamos - INFO - [config.py:236] - User households listed
2026-06-01 10:57:11,231 - aportamos - INFO - [config.py:236] - Household retrieved
2026-06-01 10:57:13,031 - aportamos - ERROR - [config.py:229] - Failed to calculate user completion percentage: {'code': '42703', 'details': None, 'hint': None, 'message': 'column task_assignments.user_id does not exist'}
Traceback (most recent call last):
  File "C:\Alten-Projects\AporTamos\AporTamos-Backend\app\services\gamification_service.py", line 226, in calculate_user_completion_pct
    ).execute()
      ~~~~~~~^^
  File "C:\Alten-Projects\AporTamos\AporTamos-Backend\.venv\Lib\site-packages\postgrest\_sync\request_builder.py", line 78, in execute
    raise APIError(r.json())
postgrest.exceptions.APIError: {'code': '42703', 'details': None, 'hint': None, 'message': 'column task_assignments.user_id does not exist'}
2026-06-01 10:57:13,032 - aportamos - WARNING - [config.py:246] - Failed to fetch stats for household member
2026-06-01 10:57:13,033 - aportamos - INFO - [config.py:236] - Household stats retrieved
2026-06-01 10:57:13,033 - aportamos - INFO - [config.py:236] - Household stats retrieved
2026-06-01 10:57:16,938 - aportamos - ERROR - [config.py:229] - Failed to calculate user completion percentage: {'code': '42703', 'details': None, 'hint': None, 'message': 'column task_assignments.user_id does not exist'}
Traceback (most recent call last):
  File "C:\Alten-Projects\AporTamos\AporTamos-Backend\app\services\gamification_service.py", line 226, in calculate_user_completion_pct
    ).execute()
      ~~~~~~~^^
  File "C:\Alten-Projects\AporTamos\AporTamos-Backend\.venv\Lib\site-packages\postgrest\_sync\request_builder.py", line 78, in execute
    raise APIError(r.json())
postgrest.exceptions.APIError: {'code': '42703', 'details': None, 'hint': None, 'message': 'column task_assignments.user_id does not exist'}
2026-06-01 10:57:16,938 - aportamos - WARNING - [config.py:246] - Failed to fetch stats for household member
2026-06-01 10:57:16,939 - aportamos - INFO - [config.py:236] - Household stats retrieved
2026-06-01 10:57:16,939 - aportamos - INFO - [config.py:236] - Household stats retrieved
2026-06-01 10:57:48,976 - aportamos - ERROR - [config.py:229] - Failed to upload photo to Supabase Storage: {'statusCode': 400, 'error': 'Bucket not found', 'message': 'Bucket not found'}
Traceback (most recent call last):
  File "C:\Alten-Projects\AporTamos\AporTamos-Backend\.venv\Lib\site-packages\storage3\_sync\file_api.py", line 47, in _request
    response.raise_for_status()
    ~~~~~~~~~~~~~~~~~~~~~~~~~^^
  File "C:\Alten-Projects\AporTamos\AporTamos-Backend\.venv\Lib\site-packages\httpx\_models.py", line 763, in raise_for_status
    raise HTTPStatusError(message, request=request, response=self)
httpx.HTTPStatusError: Client error '400 Bad Request' for url 'https://bpyxpzhvyqvogietjqdd.supabase.co/storage/v1/object/task-proofs/932bea1c-d154-4105-8052-e7f270c5bf46/84d70fb9-bac5-454b-8ed7-c3879124e25d/3851988b-a41c-4b20-b93d-9c2728c3f99c.jpg'
For more information check: https://developer.mozilla.org/en-US/docs/Web/HTTP/Status/400

During handling of the above exception, another exception occurred:

Traceback (most recent call last):
  File "C:\Alten-Projects\AporTamos\AporTamos-Backend\app\services\completion_service.py", line 93, in upload_to_storage
    supabase.storage.from_(STORAGE_BUCKET).upload(
    ~~~~~~~~~~~~~~~~~~~~~~~~~~~~~~~~~~~~~~~~~~~~~^
        path=storage_path,
        ^^^^^^^^^^^^^^^^^^
        file=contents,
        ^^^^^^^^^^^^^^
        file_options={"content-type": "image/jpeg", "upsert": "true"},
        ^^^^^^^^^^^^^^^^^^^^^^^^^^^^^^^^^^^^^^^^^^^^^^^^^^^^^^^^^^^^^^
    )
    ^
  File "C:\Alten-Projects\AporTamos\AporTamos-Backend\.venv\Lib\site-packages\storage3\_sync\file_api.py", line 434, in upload
    return self._upload_or_update("POST", path, file, file_options)
           ~~~~~~~~~~~~~~~~~~~~~~^^^^^^^^^^^^^^^^^^^^^^^^^^^^^^^^^^
  File "C:\Alten-Projects\AporTamos\AporTamos-Backend\.venv\Lib\site-packages\storage3\_sync\file_api.py", line 411, in _upload_or_update
    return self._request(
           ~~~~~~~~~~~~~^
        method, f"/object/{_path}", files=files, headers=headers, data=_data
        ^^^^^^^^^^^^^^^^^^^^^^^^^^^^^^^^^^^^^^^^^^^^^^^^^^^^^^^^^^^^^^^^^^^^
    )
    ^
  File "C:\Alten-Projects\AporTamos\AporTamos-Backend\.venv\Lib\site-packages\storage3\_sync\file_api.py", line 51, in _request
    raise StorageException({**resp, "statusCode": response.status_code})
storage3.utils.StorageException: {'statusCode': 400, 'error': 'Bucket not found', 'message': 'Bucket not found'}
2026-06-01 10:58:28,313 - aportamos - INFO - [config.py:236] - User households listed
2026-06-01 11:03:02,860 - aportamos - INFO - [config.py:236] - Shutting down AporTamos
2026-06-01 11:03:07,490 - aportamos - INFO - [config.py:236] - Starting AporTamos v1.0.0
2026-06-01 11:03:07,490 - aportamos - INFO - [config.py:236] - Supabase URL: https://bpyxpzhvyqvo...
2026-06-01 11:03:52,078 - aportamos - INFO - [config.py:236] - Supabase client initialized successfully
2026-06-01 11:03:52,797 - aportamos - INFO - [config.py:236] - User households listed
2026-06-01 11:03:52,965 - aportamos - INFO - [config.py:236] - User households listed
2026-06-01 11:03:53,311 - aportamos - INFO - [config.py:236] - User households listed
2026-06-01 11:03:53,476 - aportamos - INFO - [config.py:236] - User households listed
2026-06-01 11:03:53,728 - aportamos - INFO - [config.py:236] - Household retrieved
2026-06-01 11:03:54,183 - aportamos - ERROR - [config.py:229] - Failed to calculate user completion percentage: {'code': '42703', 'details': None, 'hint': None, 'message': 'column task_assignments.user_id does not exist'}
Traceback (most recent call last):
  File "C:\Alten-Projects\AporTamos\AporTamos-Backend\app\services\gamification_service.py", line 226, in calculate_user_completion_pct
    ).execute()
      ~~~~~~~^^
  File "C:\Alten-Projects\AporTamos\AporTamos-Backend\.venv\Lib\site-packages\postgrest\_sync\request_builder.py", line 78, in execute
    raise APIError(r.json())
postgrest.exceptions.APIError: {'code': '42703', 'details': None, 'hint': None, 'message': 'column task_assignments.user_id does not exist'}
2026-06-01 11:03:54,188 - aportamos - ERROR - [config.py:229] - Failed to fetch user stats: Failed to calculate completion for user 4cf6b876-df0d-43ba-a375-f259274f28a7: {'code': '42703', 'details': None, 'hint': None, 'message': 'column task_assignments.user_id does not exist'}
Traceback (most recent call last):
  File "C:\Alten-Projects\AporTamos\AporTamos-Backend\app\services\gamification_service.py", line 226, in calculate_user_completion_pct
    ).execute()
      ~~~~~~~^^
  File "C:\Alten-Projects\AporTamos\AporTamos-Backend\.venv\Lib\site-packages\postgrest\_sync\request_builder.py", line 78, in execute
    raise APIError(r.json())
postgrest.exceptions.APIError: {'code': '42703', 'details': None, 'hint': None, 'message': 'column task_assignments.user_id does not exist'}

The above exception was the direct cause of the following exception:

Traceback (most recent call last):
  File "C:\Alten-Projects\AporTamos\AporTamos-Backend\app\services\gamification_service.py", line 449, in get_user_stats
    completion_pct = await calculate_user_completion_pct(
                     ^^^^^^^^^^^^^^^^^^^^^^^^^^^^^^^^^^^^
        user_id, household_id, today
        ^^^^^^^^^^^^^^^^^^^^^^^^^^^^
    )
    ^
  File "C:\Alten-Projects\AporTamos\AporTamos-Backend\app\services\gamification_service.py", line 283, in calculate_user_completion_pct
    raise StatsCalculationError(
    ...<2 lines>...
    ) from exc
app.services.gamification_service.StatsCalculationError: Failed to calculate completion for user 4cf6b876-df0d-43ba-a375-f259274f28a7: {'code': '42703', 'details': None, 'hint': None, 'message': 'column task_assignments.user_id does not exist'}
2026-06-01 11:03:54,189 - aportamos - ERROR - [config.py:229] - Stats calculation failed: Failed to fetch stats for user 4cf6b876-df0d-43ba-a375-f259274f28a7: Failed to calculate completion for user 4cf6b876-df0d-43ba-a375-f259274f28a7: {'code': '42703', 'details': None, 'hint': None, 'message': 'column task_assignments.user_id does not exist'}
Traceback (most recent call last):
  File "C:\Alten-Projects\AporTamos\AporTamos-Backend\app\services\gamification_service.py", line 226, in calculate_user_completion_pct
    ).execute()
      ~~~~~~~^^
  File "C:\Alten-Projects\AporTamos\AporTamos-Backend\.venv\Lib\site-packages\postgrest\_sync\request_builder.py", line 78, in execute
    raise APIError(r.json())
postgrest.exceptions.APIError: {'code': '42703', 'details': None, 'hint': None, 'message': 'column task_assignments.user_id does not exist'}

The above exception was the direct cause of the following exception:

Traceback (most recent call last):
  File "C:\Alten-Projects\AporTamos\AporTamos-Backend\app\services\gamification_service.py", line 449, in get_user_stats
    completion_pct = await calculate_user_completion_pct(
                     ^^^^^^^^^^^^^^^^^^^^^^^^^^^^^^^^^^^^
        user_id, household_id, today
        ^^^^^^^^^^^^^^^^^^^^^^^^^^^^
    )
    ^
  File "C:\Alten-Projects\AporTamos\AporTamos-Backend\app\services\gamification_service.py", line 283, in calculate_user_completion_pct
    raise StatsCalculationError(
    ...<2 lines>...
    ) from exc
app.services.gamification_service.StatsCalculationError: Failed to calculate completion for user 4cf6b876-df0d-43ba-a375-f259274f28a7: {'code': '42703', 'details': None, 'hint': None, 'message': 'column task_assignments.user_id does not exist'}

The above exception was the direct cause of the following exception:

Traceback (most recent call last):
  File "C:\Alten-Projects\AporTamos\AporTamos-Backend\app\routers\stats.py", line 116, in get_user_stats_endpoint
    stats = await get_user_stats(user_id, household_id)
            ^^^^^^^^^^^^^^^^^^^^^^^^^^^^^^^^^^^^^^^^^^^
  File "C:\Alten-Projects\AporTamos\AporTamos-Backend\app\services\gamification_service.py", line 513, in get_user_stats
    raise StatsCalculationError(
    ...<2 lines>...
    ) from exc
app.services.gamification_service.StatsCalculationError: Failed to fetch stats for user 4cf6b876-df0d-43ba-a375-f259274f28a7: Failed to calculate completion for user 4cf6b876-df0d-43ba-a375-f259274f28a7: {'code': '42703', 'details': None, 'hint': None, 'message': 'column task_assignments.user_id does not exist'}
2026-06-01 11:04:16,534 - aportamos - INFO - [config.py:236] - Household retrieved
2026-06-01 11:04:17,271 - aportamos - ERROR - [config.py:229] - Failed to calculate user completion percentage: {'code': '42703', 'details': None, 'hint': None, 'message': 'column task_assignments.user_id does not exist'}
Traceback (most recent call last):
  File "C:\Alten-Projects\AporTamos\AporTamos-Backend\app\services\gamification_service.py", line 226, in calculate_user_completion_pct
    ).execute()
      ~~~~~~~^^
  File "C:\Alten-Projects\AporTamos\AporTamos-Backend\.venv\Lib\site-packages\postgrest\_sync\request_builder.py", line 78, in execute
    raise APIError(r.json())
postgrest.exceptions.APIError: {'code': '42703', 'details': None, 'hint': None, 'message': 'column task_assignments.user_id does not exist'}
2026-06-01 11:04:17,272 - aportamos - WARNING - [config.py:246] - Failed to fetch stats for household member
2026-06-01 11:04:17,273 - aportamos - INFO - [config.py:236] - Household stats retrieved
2026-06-01 11:04:17,273 - aportamos - INFO - [config.py:236] - Household stats retrieved
2026-06-01 11:04:19,927 - aportamos - INFO - [config.py:236] - Photo uploaded to Supabase Storage
2026-06-01 11:04:20,031 - aportamos - INFO - [config.py:236] - Task completion record created
2026-06-01 11:04:20,116 - aportamos - INFO - [config.py:236] - Task completed successfully
2026-06-01 11:04:20,116 - aportamos - INFO - [config.py:236] - Task completed
2026-06-01 11:07:22,110 - aportamos - INFO - [config.py:236] - Photo uploaded to Supabase Storage
2026-06-01 11:07:22,212 - aportamos - INFO - [config.py:236] - Task completion record created
2026-06-01 11:07:22,295 - aportamos - INFO - [config.py:236] - Task completed successfully
2026-06-01 11:07:22,295 - aportamos - INFO - [config.py:236] - Task completed
2026-06-01 11:07:37,991 - aportamos - INFO - [config.py:236] - Photo uploaded to Supabase Storage
2026-06-01 11:07:38,072 - aportamos - INFO - [config.py:236] - Task completion record created
2026-06-01 11:07:38,152 - aportamos - INFO - [config.py:236] - Task completed successfully
2026-06-01 11:07:38,153 - aportamos - INFO - [config.py:236] - Task completed
2026-06-01 11:07:46,130 - aportamos - INFO - [config.py:236] - User households listed
2026-06-01 11:07:47,633 - aportamos - INFO - [config.py:236] - User households listed
2026-06-01 11:07:55,923 - aportamos - INFO - [config.py:236] - Household retrieved
2026-06-01 11:08:48,149 - aportamos - INFO - [config.py:236] - User households listed
2026-06-01 11:08:50,219 - aportamos - INFO - [config.py:236] - Household retrieved
2026-06-01 11:08:55,300 - aportamos - INFO - [config.py:236] - User households listed
2026-06-01 11:09:07,884 - aportamos - INFO - [config.py:236] - User households listed
2026-06-01 11:09:19,472 - aportamos - INFO - [config.py:236] - User households listed
2026-06-01 11:11:08,894 - aportamos - INFO - [config.py:236] - Shutting down AporTamos
2026-06-01 11:11:09,844 - aportamos - INFO - [config.py:236] - Starting AporTamos v1.0.0
2026-06-01 11:11:09,844 - aportamos - INFO - [config.py:236] - Supabase URL: https://bpyxpzhvyqvo...
2026-06-01 11:11:43,415 - aportamos - INFO - [config.py:236] - Supabase client initialized successfully
2026-06-01 11:11:44,235 - aportamos - INFO - [config.py:236] - User households listed
2026-06-01 11:11:49,467 - aportamos - INFO - [config.py:236] - Retrieving weekly schedule
2026-06-01 11:11:49,788 - aportamos - INFO - [config.py:236] - Successfully retrieved weekly schedule
2026-06-01 11:11:50,024 - aportamos - INFO - [config.py:236] - Household retrieved
2026-06-01 11:12:07,114 - aportamos - INFO - [config.py:236] - Adding task to schedule
2026-06-01 11:12:07,555 - aportamos - INFO - [config.py:236] - Added task to schedule
2026-06-01 11:12:07,556 - aportamos - WARNING - [config.py:246] - Could not regenerate daily assignments after adding task
2026-06-01 11:12:07,556 - aportamos - INFO - [config.py:236] - Successfully added task to schedule
2026-06-01 11:12:07,956 - aportamos - INFO - [config.py:236] - User households listed
2026-06-01 11:12:19,397 - aportamos - INFO - [config.py:236] - User households listed
2026-06-01 11:12:22,347 - aportamos - INFO - [config.py:236] - Household retrieved
2026-06-01 11:12:30,346 - aportamos - INFO - [config.py:236] - User households listed
2026-06-01 11:12:33,022 - aportamos - INFO - [config.py:236] - User households listed
2026-06-01 11:16:25,662 - aportamos - INFO - [config.py:236] - Household retrieved
2026-06-01 11:16:31,995 - aportamos - INFO - [config.py:236] - Household retrieved
2026-06-01 11:16:33,082 - aportamos - INFO - [config.py:236] - Household stats retrieved
2026-06-01 11:16:33,083 - aportamos - INFO - [config.py:236] - Household stats retrieved
2026-06-01 11:18:53,152 - aportamos - INFO - [config.py:236] - User households listed
2026-06-01 11:18:58,493 - aportamos - INFO - [config.py:236] - User households listed
2026-06-01 11:19:00,111 - aportamos - INFO - [config.py:236] - User households listed
2026-06-01 11:19:19,473 - aportamos - INFO - [config.py:236] - Adding task to schedule
2026-06-01 11:19:20,205 - aportamos - INFO - [config.py:236] - Added task to schedule
2026-06-01 11:19:20,205 - aportamos - WARNING - [config.py:246] - Could not regenerate daily assignments after adding task
2026-06-01 11:19:20,205 - aportamos - INFO - [config.py:236] - Successfully added task to schedule
2026-06-01 11:19:20,612 - aportamos - INFO - [config.py:236] - User households listed
2026-06-01 11:19:27,848 - aportamos - INFO - [config.py:236] - User households listed
2026-06-01 11:19:30,871 - aportamos - INFO - [config.py:236] - User households listed
2026-06-01 11:19:33,281 - aportamos - INFO - [config.py:236] - User households listed
2026-06-01 11:19:36,053 - aportamos - INFO - [config.py:236] - User households listed
2026-06-01 11:19:36,639 - aportamos - INFO - [config.py:236] - Household retrieved
2026-06-01 11:19:37,403 - aportamos - INFO - [config.py:236] - Household stats retrieved
2026-06-01 11:19:37,403 - aportamos - INFO - [config.py:236] - Household stats retrieved
2026-06-01 11:19:37,795 - aportamos - INFO - [config.py:236] - User households listed
2026-06-01 11:19:39,404 - aportamos - INFO - [config.py:236] - Household retrieved
2026-06-01 11:19:40,535 - aportamos - INFO - [config.py:236] - Household stats retrieved
2026-06-01 11:19:40,535 - aportamos - INFO - [config.py:236] - Household stats retrieved
2026-06-01 11:19:55,004 - aportamos - INFO - [config.py:236] - Household stats retrieved
2026-06-01 11:19:55,005 - aportamos - INFO - [config.py:236] - Household stats retrieved
2026-06-01 11:22:30,439 - aportamos - INFO - [config.py:236] - Shutting down AporTamos
2026-06-01 11:22:31,304 - aportamos - INFO - [config.py:236] - Starting AporTamos v1.0.0
2026-06-01 11:22:31,304 - aportamos - INFO - [config.py:236] - Supabase URL: https://bpyxpzhvyqvo...
2026-06-01 11:26:01,615 - aportamos - INFO - [config.py:236] - Shutting down AporTamos
2026-06-01 11:26:02,405 - aportamos - INFO - [config.py:236] - Starting AporTamos v1.0.0
2026-06-01 11:26:02,405 - aportamos - INFO - [config.py:236] - Supabase URL: https://bpyxpzhvyqvo...
2026-06-01 11:26:38,271 - aportamos - INFO - [config.py:236] - Shutting down AporTamos
2026-06-01 11:26:38,995 - aportamos - INFO - [config.py:236] - Starting AporTamos v1.0.0
2026-06-01 11:26:38,996 - aportamos - INFO - [config.py:236] - Supabase URL: https://bpyxpzhvyqvo...
2026-06-01 11:26:43,631 - aportamos - INFO - [config.py:236] - Shutting down AporTamos
2026-06-01 11:27:00,584 - aportamos - INFO - [config.py:236] - Starting AporTamos v1.0.0
2026-06-01 11:27:00,584 - aportamos - INFO - [config.py:236] - Supabase URL: https://bpyxpzhvyqvo...
2026-06-01 11:27:09,905 - aportamos - INFO - [config.py:236] - Shutting down AporTamos
2026-06-01 11:27:10,641 - aportamos - INFO - [config.py:236] - Starting AporTamos v1.0.0
2026-06-01 11:27:10,641 - aportamos - INFO - [config.py:236] - Supabase URL: https://bpyxpzhvyqvo...
2026-06-01 11:27:24,805 - aportamos - INFO - [config.py:236] - Supabase client initialized successfully
2026-06-01 11:27:25,397 - aportamos - INFO - [config.py:236] - Created today's assignment for new task
2026-06-01 11:27:30,881 - aportamos - INFO - [config.py:236] - Shutting down AporTamos
2026-06-01 11:27:31,648 - aportamos - INFO - [config.py:236] - Starting AporTamos v1.0.0
2026-06-01 11:27:31,649 - aportamos - INFO - [config.py:236] - Supabase URL: https://bpyxpzhvyqvo...
2026-06-01 11:28:42,289 - aportamos - INFO - [config.py:236] - Supabase client initialized successfully
2026-06-01 11:28:42,963 - aportamos - INFO - [config.py:236] - User households listed
2026-06-01 11:28:43,883 - aportamos - INFO - [config.py:236] - User households listed
2026-06-01 11:28:45,697 - aportamos - INFO - [config.py:236] - User households listed
2026-06-01 11:29:10,994 - aportamos - INFO - [config.py:236] - User households listed
2026-06-01 11:29:11,152 - aportamos - INFO - [config.py:236] - User households listed
2026-06-01 11:29:11,402 - aportamos - INFO - [config.py:236] - Household retrieved
2026-06-01 11:29:11,569 - aportamos - INFO - [config.py:236] - User households listed
2026-06-01 11:29:11,727 - aportamos - INFO - [config.py:236] - User households listed
2026-06-01 11:29:12,849 - aportamos - INFO - [config.py:236] - User stats retrieved
2026-06-01 11:29:12,849 - aportamos - INFO - [config.py:236] - User stats retrieved
2026-06-01 11:29:26,552 - aportamos - INFO - [config.py:236] - Household retrieved
2026-06-01 11:29:27,686 - aportamos - INFO - [config.py:236] - Household stats retrieved
2026-06-01 11:29:27,687 - aportamos - INFO - [config.py:236] - Household stats retrieved
2026-06-01 11:29:50,393 - aportamos - INFO - [config.py:236] - Photo uploaded to Supabase Storage
2026-06-01 11:29:50,485 - aportamos - INFO - [config.py:236] - Task completion record created
2026-06-01 11:29:50,571 - aportamos - INFO - [config.py:236] - Task completed successfully
2026-06-01 11:29:50,571 - aportamos - INFO - [config.py:236] - Task completed
2026-06-01 11:29:54,044 - aportamos - INFO - [config.py:236] - User households listed
2026-06-01 11:29:55,203 - aportamos - INFO - [config.py:236] - User households listed
2026-06-01 11:30:01,220 - aportamos - INFO - [config.py:236] - User households listed
2026-06-01 11:30:04,826 - aportamos - INFO - [config.py:236] - Household retrieved
2026-06-01 11:30:06,576 - aportamos - INFO - [config.py:236] - Household stats retrieved
2026-06-01 11:30:06,576 - aportamos - INFO - [config.py:236] - Household stats retrieved
2026-06-01 11:30:12,707 - aportamos - INFO - [config.py:236] - Household retrieved
2026-06-01 11:30:12,708 - aportamos - INFO - [config.py:236] - Retrieving weekly schedule
2026-06-01 11:30:12,947 - aportamos - INFO - [config.py:236] - Successfully retrieved weekly schedule
2026-06-01 11:30:32,260 - aportamos - INFO - [config.py:236] - Adding task to schedule
2026-06-01 11:30:32,885 - aportamos - INFO - [config.py:236] - Added task to schedule
2026-06-01 11:30:33,251 - aportamos - INFO - [config.py:236] - Created today's assignment for new task
2026-06-01 11:30:33,251 - aportamos - INFO - [config.py:236] - Successfully added task to schedule
2026-06-01 11:30:33,685 - aportamos - INFO - [config.py:236] - User households listed
2026-06-01 11:30:42,629 - aportamos - INFO - [config.py:236] - User households listed
2026-06-01 11:31:25,254 - aportamos - INFO - [config.py:236] - User households listed
2026-06-01 11:31:25,419 - aportamos - INFO - [config.py:236] - User households listed
2026-06-01 11:31:25,733 - aportamos - INFO - [config.py:236] - User households listed
2026-06-01 11:31:25,981 - aportamos - INFO - [config.py:236] - Household retrieved
2026-06-01 11:31:26,149 - aportamos - INFO - [config.py:236] - User households listed
2026-06-01 11:31:27,291 - aportamos - INFO - [config.py:236] - User stats retrieved
2026-06-01 11:31:27,291 - aportamos - INFO - [config.py:236] - User stats retrieved
2026-06-01 11:31:37,577 - aportamos - INFO - [config.py:236] - Household retrieved
2026-06-01 11:31:38,725 - aportamos - INFO - [config.py:236] - Household stats retrieved
2026-06-01 11:31:38,725 - aportamos - INFO - [config.py:236] - Household stats retrieved
2026-06-01 11:31:47,028 - aportamos - INFO - [config.py:236] - Household stats retrieved
2026-06-01 11:31:47,029 - aportamos - INFO - [config.py:236] - Household stats retrieved
2026-06-01 11:34:18,088 - aportamos - INFO - [config.py:236] - Shutting down AporTamos
2026-06-01 11:34:18,930 - aportamos - INFO - [config.py:236] - Starting AporTamos v1.0.0
2026-06-01 11:34:18,931 - aportamos - INFO - [config.py:236] - Supabase URL: https://bpyxpzhvyqvo...
2026-06-01 11:34:25,252 - aportamos - INFO - [config.py:236] - Shutting down AporTamos
2026-06-01 11:34:26,010 - aportamos - INFO - [config.py:236] - Starting AporTamos v1.0.0
2026-06-01 11:34:26,010 - aportamos - INFO - [config.py:236] - Supabase URL: https://bpyxpzhvyqvo...
2026-06-01 11:34:47,372 - aportamos - INFO - [config.py:236] - Supabase client initialized successfully
2026-06-01 11:34:49,211 - aportamos - INFO - [config.py:236] - User stats retrieved
2026-06-01 11:34:49,212 - aportamos - INFO - [config.py:236] - User stats retrieved
2026-06-01 11:34:52,891 - aportamos - INFO - [config.py:236] - User stats retrieved
2026-06-01 11:34:52,891 - aportamos - INFO - [config.py:236] - User stats retrieved
2026-06-01 11:35:06,581 - aportamos - INFO - [config.py:236] - Shutting down AporTamos
2026-06-01 11:35:07,455 - aportamos - INFO - [config.py:236] - Starting AporTamos v1.0.0
2026-06-01 11:35:07,455 - aportamos - INFO - [config.py:236] - Supabase URL: https://bpyxpzhvyqvo...
2026-06-01 11:36:14,473 - aportamos - INFO - [config.py:236] - Shutting down AporTamos
2026-06-01 11:36:15,246 - aportamos - INFO - [config.py:236] - Starting AporTamos v1.0.0
2026-06-01 11:36:15,246 - aportamos - INFO - [config.py:236] - Supabase URL: https://bpyxpzhvyqvo...
2026-06-01 11:36:59,650 - aportamos - INFO - [config.py:236] - Supabase client initialized successfully
2026-06-01 11:37:00,875 - aportamos - INFO - [config.py:236] - Household stats retrieved
2026-06-01 11:37:00,875 - aportamos - INFO - [config.py:236] - Household stats retrieved
2026-06-01 11:37:01,676 - aportamos - INFO - [config.py:236] - Household stats retrieved
2026-06-01 11:37:01,677 - aportamos - INFO - [config.py:236] - Household stats retrieved
2026-06-01 11:37:02,791 - aportamos - INFO - [config.py:236] - User stats retrieved
2026-06-01 11:37:02,792 - aportamos - INFO - [config.py:236] - User stats retrieved
2026-06-01 11:37:08,642 - aportamos - INFO - [config.py:236] - Household stats retrieved
2026-06-01 11:37:08,642 - aportamos - INFO - [config.py:236] - Household stats retrieved
2026-06-01 11:37:09,427 - aportamos - INFO - [config.py:236] - Household stats retrieved
2026-06-01 11:37:09,427 - aportamos - INFO - [config.py:236] - Household stats retrieved
2026-06-01 11:37:10,542 - aportamos - INFO - [config.py:236] - User stats retrieved
2026-06-01 11:37:10,542 - aportamos - INFO - [config.py:236] - User stats retrieved
2026-06-01 11:37:11,333 - aportamos - INFO - [config.py:236] - Household stats retrieved
2026-06-01 11:37:11,333 - aportamos - INFO - [config.py:236] - Household stats retrieved
2026-06-01 11:37:12,125 - aportamos - INFO - [config.py:236] - Household stats retrieved
2026-06-01 11:37:12,125 - aportamos - INFO - [config.py:236] - Household stats retrieved
2026-06-01 11:37:16,482 - aportamos - INFO - [config.py:236] - Household stats retrieved
2026-06-01 11:37:16,482 - aportamos - INFO - [config.py:236] - Household stats retrieved
2026-06-01 11:37:17,278 - aportamos - INFO - [config.py:236] - Household stats retrieved
2026-06-01 11:37:17,278 - aportamos - INFO - [config.py:236] - Household stats retrieved
2026-06-01 11:37:18,062 - aportamos - INFO - [config.py:236] - Household stats retrieved
2026-06-01 11:37:18,063 - aportamos - INFO - [config.py:236] - Household stats retrieved
2026-06-01 11:37:18,848 - aportamos - INFO - [config.py:236] - Household stats retrieved
2026-06-01 11:37:18,849 - aportamos - INFO - [config.py:236] - Household stats retrieved
2026-06-01 11:37:19,954 - aportamos - INFO - [config.py:236] - User stats retrieved
2026-06-01 11:37:19,954 - aportamos - INFO - [config.py:236] - User stats retrieved
2026-06-01 11:37:29,353 - aportamos - INFO - [config.py:236] - Shutting down AporTamos
2026-06-01 11:37:30,151 - aportamos - INFO - [config.py:236] - Starting AporTamos v1.0.0
2026-06-01 11:37:30,151 - aportamos - INFO - [config.py:236] - Supabase URL: https://bpyxpzhvyqvo...
2026-06-01 11:38:07,217 - aportamos - INFO - [config.py:236] - Shutting down AporTamos
2026-06-01 11:38:12,253 - aportamos - INFO - [config.py:236] - Starting AporTamos v1.0.0
2026-06-01 11:38:12,253 - aportamos - INFO - [config.py:236] - Supabase URL: https://bpyxpzhvyqvo...
2026-06-01 11:39:33,270 - aportamos - INFO - [config.py:236] - Supabase client initialized successfully
2026-06-01 11:39:33,858 - aportamos - INFO - [config.py:236] - User households listed
2026-06-01 11:39:34,029 - aportamos - INFO - [config.py:236] - User households listed
2026-06-01 11:39:34,435 - aportamos - INFO - [config.py:236] - Household retrieved
2026-06-01 11:39:34,598 - aportamos - INFO - [config.py:236] - User households listed
2026-06-01 11:39:34,765 - aportamos - INFO - [config.py:236] - User households listed
2026-06-01 11:39:35,917 - aportamos - INFO - [config.py:236] - User stats retrieved
2026-06-01 11:39:35,917 - aportamos - INFO - [config.py:236] - User stats retrieved
2026-06-01 11:39:37,055 - aportamos - INFO - [config.py:236] - User stats retrieved
2026-06-01 11:39:37,056 - aportamos - INFO - [config.py:236] - User stats retrieved
2026-06-01 11:39:58,134 - aportamos - INFO - [config.py:236] - Photo uploaded to Supabase Storage
2026-06-01 11:39:58,225 - aportamos - INFO - [config.py:236] - Task completion record created
2026-06-01 11:39:58,634 - aportamos - INFO - [config.py:236] - Household streak updated after 100% completion
2026-06-01 11:39:58,634 - aportamos - INFO - [config.py:236] - Task completed successfully
2026-06-01 11:39:58,634 - aportamos - INFO - [config.py:236] - Task completed
2026-06-01 11:40:02,358 - aportamos - INFO - [config.py:236] - User households listed
2026-06-01 11:40:03,603 - aportamos - INFO - [config.py:236] - User stats retrieved
2026-06-01 11:40:03,603 - aportamos - INFO - [config.py:236] - User stats retrieved
2026-06-01 11:42:26,366 - aportamos - INFO - [config.py:236] - Shutting down AporTamos
2026-06-01 11:42:27,304 - aportamos - INFO - [config.py:236] - Starting AporTamos v1.0.0
2026-06-01 11:42:27,304 - aportamos - INFO - [config.py:236] - Supabase URL: https://bpyxpzhvyqvo...
2026-06-01 11:42:41,489 - aportamos - INFO - [config.py:236] - Shutting down AporTamos
2026-06-01 11:42:42,272 - aportamos - INFO - [config.py:236] - Starting AporTamos v1.0.0
2026-06-01 11:42:42,272 - aportamos - INFO - [config.py:236] - Supabase URL: https://bpyxpzhvyqvo...
2026-06-01 11:43:05,953 - aportamos - INFO - [config.py:236] - Shutting down AporTamos
2026-06-01 11:43:06,715 - aportamos - INFO - [config.py:236] - Starting AporTamos v1.0.0
2026-06-01 11:43:06,715 - aportamos - INFO - [config.py:236] - Supabase URL: https://bpyxpzhvyqvo...
2026-06-01 11:43:30,267 - aportamos - INFO - [config.py:236] - Supabase client initialized successfully
2026-06-01 11:43:31,105 - aportamos - INFO - [config.py:236] - User households listed
2026-06-01 11:43:31,262 - aportamos - INFO - [config.py:236] - User households listed
2026-06-01 11:43:31,513 - aportamos - INFO - [config.py:236] - User households listed
2026-06-01 11:43:31,754 - aportamos - INFO - [config.py:236] - Household retrieved
2026-06-01 11:43:31,911 - aportamos - INFO - [config.py:236] - User households listed
2026-06-01 11:43:33,292 - aportamos - INFO - [config.py:236] - User stats retrieved
2026-06-01 11:43:33,292 - aportamos - INFO - [config.py:236] - User stats retrieved
2026-06-01 11:43:34,368 - aportamos - INFO - [config.py:236] - User stats retrieved
2026-06-01 11:43:34,368 - aportamos - INFO - [config.py:236] - User stats retrieved
2026-06-01 11:44:16,101 - aportamos - INFO - [config.py:236] - Household retrieved
2026-06-01 11:44:16,833 - aportamos - INFO - [config.py:236] - Household stats retrieved
2026-06-01 11:44:16,833 - aportamos - INFO - [config.py:236] - Household stats retrieved
2026-06-01 11:44:17,467 - aportamos - INFO - [config.py:236] - Household stats retrieved
2026-06-01 11:44:17,467 - aportamos - INFO - [config.py:236] - Household stats retrieved
2026-06-01 11:44:19,301 - aportamos - INFO - [config.py:236] - User left household
2026-06-01 11:44:19,605 - aportamos - INFO - [config.py:236] - User households listed
2026-06-01 11:44:20,820 - aportamos - INFO - [config.py:236] - User stats retrieved
2026-06-01 11:44:20,821 - aportamos - INFO - [config.py:236] - User stats retrieved
2026-06-01 11:44:23,524 - aportamos - INFO - [config.py:236] - Household retrieved
2026-06-01 11:44:24,292 - aportamos - INFO - [config.py:236] - Household stats retrieved
2026-06-01 11:44:24,292 - aportamos - INFO - [config.py:236] - Household stats retrieved
2026-06-01 11:44:24,931 - aportamos - INFO - [config.py:236] - Household stats retrieved
2026-06-01 11:44:24,931 - aportamos - INFO - [config.py:236] - Household stats retrieved
2026-06-01 11:44:26,621 - aportamos - INFO - [config.py:236] - User left household
2026-06-01 11:44:26,945 - aportamos - INFO - [config.py:236] - User households listed
2026-06-01 11:44:28,075 - aportamos - INFO - [config.py:236] - User stats retrieved
2026-06-01 11:44:28,076 - aportamos - INFO - [config.py:236] - User stats retrieved
2026-06-01 11:44:31,801 - aportamos - INFO - [config.py:236] - Household retrieved
2026-06-01 11:44:32,703 - aportamos - INFO - [config.py:236] - Household stats retrieved
2026-06-01 11:44:32,703 - aportamos - INFO - [config.py:236] - Household stats retrieved
2026-06-01 11:44:33,496 - aportamos - INFO - [config.py:236] - Household stats retrieved
2026-06-01 11:44:33,496 - aportamos - INFO - [config.py:236] - Household stats retrieved
2026-06-01 11:44:39,319 - aportamos - INFO - [config.py:236] - User households listed
2026-06-01 11:44:40,441 - aportamos - INFO - [config.py:236] - User stats retrieved
2026-06-01 11:44:40,441 - aportamos - INFO - [config.py:236] - User stats retrieved
2026-06-01 11:44:41,578 - aportamos - INFO - [config.py:236] - Household stats retrieved
2026-06-01 11:44:41,578 - aportamos - INFO - [config.py:236] - Household stats retrieved
2026-06-01 11:44:57,909 - aportamos - INFO - [config.py:236] - User stats retrieved
2026-06-01 11:44:57,909 - aportamos - INFO - [config.py:236] - User stats retrieved
2026-06-01 11:44:58,047 - aportamos - INFO - [config.py:236] - User households listed
2026-06-01 11:44:59,159 - aportamos - INFO - [config.py:236] - Household retrieved
2026-06-01 11:44:59,874 - aportamos - INFO - [config.py:236] - Household stats retrieved
2026-06-01 11:44:59,874 - aportamos - INFO - [config.py:236] - Household stats retrieved
2026-06-01 11:45:00,641 - aportamos - INFO - [config.py:236] - Household stats retrieved
2026-06-01 11:45:00,641 - aportamos - INFO - [config.py:236] - Household stats retrieved
2026-06-01 11:45:01,183 - aportamos - INFO - [config.py:236] - Household stats retrieved
2026-06-01 11:45:01,183 - aportamos - INFO - [config.py:236] - Household stats retrieved
2026-06-01 11:45:01,506 - aportamos - INFO - [config.py:236] - User households listed
2026-06-01 11:45:02,489 - aportamos - INFO - [config.py:236] - User stats retrieved
2026-06-01 11:45:02,490 - aportamos - INFO - [config.py:236] - User stats retrieved
2026-06-01 11:45:02,705 - aportamos - INFO - [config.py:236] - Household retrieved
2026-06-01 11:45:03,267 - aportamos - INFO - [config.py:236] - Household stats retrieved
2026-06-01 11:45:03,267 - aportamos - INFO - [config.py:236] - Household stats retrieved
2026-06-01 11:45:04,127 - aportamos - INFO - [config.py:236] - Household stats retrieved
2026-06-01 11:45:04,128 - aportamos - INFO - [config.py:236] - Household stats retrieved
2026-06-01 11:45:04,682 - aportamos - INFO - [config.py:236] - Household stats retrieved
2026-06-01 11:45:04,683 - aportamos - INFO - [config.py:236] - Household stats retrieved
2026-06-01 11:45:06,594 - aportamos - INFO - [config.py:236] - User households listed
2026-06-01 11:45:07,543 - aportamos - INFO - [config.py:236] - User stats retrieved
2026-06-01 11:45:07,543 - aportamos - INFO - [config.py:236] - User stats retrieved
2026-06-01 11:47:12,013 - aportamos - INFO - [config.py:236] - User stats retrieved
2026-06-01 11:47:12,013 - aportamos - INFO - [config.py:236] - User stats retrieved
2026-06-01 11:47:12,183 - aportamos - INFO - [config.py:236] - User households listed
2026-06-01 11:49:50,874 - aportamos - INFO - [config.py:236] - User households listed
2026-06-01 11:49:51,038 - aportamos - INFO - [config.py:236] - User households listed
2026-06-01 11:49:51,209 - aportamos - INFO - [config.py:236] - User households listed
2026-06-01 11:49:52,879 - aportamos - INFO - [config.py:236] - Household retrieved
2026-06-01 11:49:53,514 - aportamos - INFO - [config.py:236] - User households listed
2026-06-01 11:50:00,466 - aportamos - INFO - [config.py:236] - User households listed
2026-06-01 11:50:14,484 - aportamos - INFO - [config.py:236] - User households listed
2026-06-01 11:50:42,945 - aportamos - INFO - [config.py:236] - User households listed
2026-06-01 11:51:02,568 - aportamos - INFO - [config.py:236] - Photo uploaded to Supabase Storage
2026-06-01 11:51:02,657 - aportamos - INFO - [config.py:236] - Task completion record created
2026-06-01 11:51:03,004 - aportamos - INFO - [config.py:236] - Household streak updated after 100% completion
2026-06-01 11:51:03,004 - aportamos - INFO - [config.py:236] - Task completed successfully
2026-06-01 11:51:03,004 - aportamos - INFO - [config.py:236] - Task completed
2026-06-01 11:51:05,740 - aportamos - INFO - [config.py:236] - User households listed
